<html>
<body>
<pre>
<h1>µVision Build Log</h1>
<h2>Tool Versions:</h2>
IDE-Version: µVision V5.24.2.0
Copyright (C) 2017 ARM Ltd and ARM Germany GmbH. All rights reserved.
License Information: Tarek Al Mowafy, ASURT, LIC=2TTGK-ZE1D4-9XNUW-QBN07-YQS6C-RK0JF
 
Tool Versions:
Toolchain:       MDK-ARM Professional  Version: 5.24.1
Toolchain Path:  C:\Keil_v5\ARM\ARMCC\Bin
C Compiler:      Armcc.exe V5.06 update 5 (build 528)
Assembler:       Armasm.exe V5.06 update 5 (build 528)
Linker/Locator:  ArmLink.exe V5.06 update 5 (build 528)
Library Manager: ArmAr.exe V5.06 update 5 (build 528)
Hex Converter:   FromElf.exe V5.06 update 5 (build 528)
CPU DLL:         SARMCM3.DLL V5.24.1
Dialog DLL:      DCM.DLL V1.16.0.0
Target DLL:      UL2CM3.DLL V1.160.3.0
Dialog DLL:      TCM.DLL V1.32.0.0
 
<h2>Project:</h2>
C:\Programming\C++\ARM\PlayG.uvprojx
Project File Date:  11/19/2017

<h2>Output:</h2>
*** Using Compiler 'V5.06 update 5 (build 528)', folder: 'C:\Keil_v5\ARM\ARMCC\Bin'
Build target 'Target 1'
compiling lcd.cpp...
lcd.h(92): warning:  #1-D: last line of file ends without a newline
  #endif
lcd.cpp: 1 warning, 0 errors
compiling main.cpp...
lcd.h(92): warning:  #1-D: last line of file ends without a newline
  #endif
main.cpp: 1 warning, 0 errors
linking...
Program Size: Code=1188 RO-data=468 RW-data=0 ZI-data=1632  
".\Objects\PlayG.axf" - 0 Error(s), 2 Warning(s).

<h2>Software Packages used:</h2>

Package Vendor: ARM
                http://www.keil.com/pack/ARM.CMSIS.5.1.1.pack
                ARM.CMSIS.5.1.1
                CMSIS (Cortex Microcontroller Software Interface Standard)
   * Component: DSP Version: 1.5.2
   * Component: CORE Version: 5.0.2

Package Vendor: Keil
                http://www.keil.com/pack/Keil.STM32F4xx_DFP.2.11.0.pack
                Keil.STM32F4xx_DFP.2.11.0
                STMicroelectronics STM32F4 Series Device Support, Drivers and Examples
   * Component: Startup Version: 2.6.0
   * Component: WWDG Version: 1.6.0
   * Component: USART Version: 1.6.0
   * Component: UART Version: 1.6.0
   * Component: TIM Version: 1.6.0
   * Component: Smartcard Version: 1.6.0
   * Component: SPI Version: 1.6.0
   * Component: SD Version: 1.6.0
   * Component: RTC Version: 1.6.0
   * Component: RNG Version: 1.6.0
   * Component: RCC Version: 1.6.0
   * Component: QSPI Version: 1.6.0
   * Component: PWR Version: 1.6.0
   * Component: PCD Version: 1.6.0
   * Component: NAND Version: 1.6.0
   * Component: IWDG Version: 1.6.0
   * Component: IRDA Version: 1.6.0
   * Component: I2S Version: 1.6.0
   * Component: I2C Version: 1.6.0
   * Component: HCD Version: 1.6.0
   * Component: GPIO Version: 1.6.0
   * Component: Flash Version: 1.6.0
   * Component: FMPI2C Version: 1.6.0
   * Component: DMA Version: 1.6.0
   * Component: DFSDM Version: 1.6.0
   * Component: Cortex Version: 1.6.0
   * Component: Common Version: 1.6.0
   * Component: CRC Version: 1.6.0
   * Component: CAN Version: 1.6.0
   * Component: ADC Version: 1.6.0
   * Component: Classic Version: 1.6.0
   * Component: STM32Cube Framework Version: 1.0.0

<h2>Collection of Component include folders:</h2>
  .\RTE\Device\STM32F412ZGTx
  .\RTE\_Target_1
  C:\Keil_v5\ARM\PACK\ARM\CMSIS\5.1.1\CMSIS\Include
  C:\Keil_v5\ARM\PACK\Keil\STM32F4xx_DFP\2.11.0\Drivers\CMSIS\Device\ST\STM32F4xx\Include
  C:\Keil_v5\ARM\PACK\Keil\STM32F4xx_DFP\2.11.0\Drivers\STM32F4xx_HAL_Driver\Inc

<h2>Collection of Component Files used:</h2>

   * Component: Keil::Device:Startup:2.6.0
      Source file:   MDK\Device\Source\ARM\STM32F4xx_OTP.s
      Source file:   Drivers\CMSIS\Device\ST\STM32F4xx\Source\Templates\arm\startup_stm32f412zx.s
      Include file:  Drivers\CMSIS\Device\ST\STM32F4xx\Include\stm32f4xx.h
      Source file:   Drivers\CMSIS\Device\ST\STM32F4xx\Source\Templates\system_stm32f4xx.c

   * Component: Keil::Device:STM32Cube HAL:WWDG:1.6.0
      Source file:   Drivers\STM32F4xx_HAL_Driver\Src\stm32f4xx_hal_wwdg.c

   * Component: Keil::Device:STM32Cube HAL:USART:1.6.0
      Source file:   Drivers\STM32F4xx_HAL_Driver\Src\stm32f4xx_hal_usart.c

   * Component: Keil::Device:STM32Cube HAL:UART:1.6.0
      Source file:   Drivers\STM32F4xx_HAL_Driver\Src\stm32f4xx_hal_uart.c

   * Component: Keil::Device:STM32Cube HAL:TIM:1.6.0
      Source file:   Drivers\STM32F4xx_HAL_Driver\Src\stm32f4xx_hal_tim.c
      Source file:   Drivers\STM32F4xx_HAL_Driver\Src\stm32f4xx_hal_tim_ex.c

   * Component: Keil::Device:STM32Cube HAL:Smartcard:1.6.0
      Source file:   Drivers\STM32F4xx_HAL_Driver\Src\stm32f4xx_hal_smartcard.c

   * Component: Keil::Device:STM32Cube HAL:SPI:1.6.0
      Source file:   Drivers\STM32F4xx_HAL_Driver\Src\stm32f4xx_hal_spi.c

   * Component: Keil::Device:STM32Cube HAL:SD:1.6.0
      Source file:   Drivers\STM32F4xx_HAL_Driver\Src\stm32f4xx_hal_sd.c
      Source file:   Drivers\STM32F4xx_HAL_Driver\Src\stm32f4xx_ll_sdmmc.c

   * Component: Keil::Device:STM32Cube HAL:RTC:1.6.0
      Source file:   Drivers\STM32F4xx_HAL_Driver\Src\stm32f4xx_hal_rtc_ex.c
      Source file:   Drivers\STM32F4xx_HAL_Driver\Src\stm32f4xx_hal_rtc.c

   * Component: Keil::Device:STM32Cube HAL:RNG:1.6.0
      Source file:   Drivers\STM32F4xx_HAL_Driver\Src\stm32f4xx_hal_rng.c

   * Component: Keil::Device:STM32Cube HAL:RCC:1.6.0
      Source file:   Drivers\STM32F4xx_HAL_Driver\Src\stm32f4xx_hal_rcc.c
      Source file:   Drivers\STM32F4xx_HAL_Driver\Src\stm32f4xx_hal_rcc_ex.c

   * Component: Keil::Device:STM32Cube HAL:QSPI:1.6.0
      Source file:   Drivers\STM32F4xx_HAL_Driver\Src\stm32f4xx_hal_qspi.c

   * Component: Keil::Device:STM32Cube HAL:PWR:1.6.0
      Source file:   Drivers\STM32F4xx_HAL_Driver\Src\stm32f4xx_hal_pwr.c
      Source file:   Drivers\STM32F4xx_HAL_Driver\Src\stm32f4xx_hal_pwr_ex.c

   * Component: Keil::Device:STM32Cube HAL:PCD:1.6.0
      Source file:   Drivers\STM32F4xx_HAL_Driver\Src\stm32f4xx_hal_pcd.c
      Source file:   Drivers\STM32F4xx_HAL_Driver\Src\stm32f4xx_hal_pcd_ex.c
      Source file:   Drivers\STM32F4xx_HAL_Driver\Src\stm32f4xx_ll_usb.c

   * Component: Keil::Device:STM32Cube HAL:NAND:1.6.0
      Source file:   Drivers\STM32F4xx_HAL_Driver\Src\stm32f4xx_hal_nand.c

   * Component: Keil::Device:STM32Cube HAL:IWDG:1.6.0
      Source file:   Drivers\STM32F4xx_HAL_Driver\Src\stm32f4xx_hal_iwdg.c

   * Component: Keil::Device:STM32Cube HAL:IRDA:1.6.0
      Source file:   Drivers\STM32F4xx_HAL_Driver\Src\stm32f4xx_hal_irda.c

   * Component: Keil::Device:STM32Cube HAL:I2S:1.6.0
      Source file:   Drivers\STM32F4xx_HAL_Driver\Src\stm32f4xx_hal_i2s_ex.c
      Source file:   Drivers\STM32F4xx_HAL_Driver\Src\stm32f4xx_hal_i2s.c

   * Component: Keil::Device:STM32Cube HAL:I2C:1.6.0
      Source file:   Drivers\STM32F4xx_HAL_Driver\Src\stm32f4xx_hal_i2c.c

   * Component: Keil::Device:STM32Cube HAL:HCD:1.6.0
      Source file:   Drivers\STM32F4xx_HAL_Driver\Src\stm32f4xx_hal_hcd.c
      Source file:   Drivers\STM32F4xx_HAL_Driver\Src\stm32f4xx_ll_usb.c

   * Component: Keil::Device:STM32Cube HAL:GPIO:1.6.0
      Source file:   Drivers\STM32F4xx_HAL_Driver\Src\stm32f4xx_hal_gpio.c

   * Component: Keil::Device:STM32Cube HAL:Flash:1.6.0
      Source file:   Drivers\STM32F4xx_HAL_Driver\Src\stm32f4xx_hal_flash_ex.c
      Source file:   Drivers\STM32F4xx_HAL_Driver\Src\stm32f4xx_hal_flash.c

   * Component: Keil::Device:STM32Cube HAL:FMPI2C:1.6.0
      Source file:   Drivers\STM32F4xx_HAL_Driver\Src\stm32f4xx_hal_fmpi2c.c
      Source file:   Drivers\STM32F4xx_HAL_Driver\Src\stm32f4xx_hal_fmpi2c_ex.c

   * Component: Keil::Device:STM32Cube HAL:DMA:1.6.0
      Source file:   Drivers\STM32F4xx_HAL_Driver\Src\stm32f4xx_hal_dma.c
      Source file:   Drivers\STM32F4xx_HAL_Driver\Src\stm32f4xx_hal_dma_ex.c

   * Component: Keil::Device:STM32Cube HAL:DFSDM:1.6.0
      Source file:   Drivers\STM32F4xx_HAL_Driver\Src\stm32f4xx_hal_dfsdm.c

   * Component: Keil::Device:STM32Cube HAL:Cortex:1.6.0
      Source file:   Drivers\STM32F4xx_HAL_Driver\Src\stm32f4xx_hal_cortex.c

   * Component: Keil::Device:STM32Cube HAL:Common:1.6.0
      Include file:  Drivers\STM32F4xx_HAL_Driver\Inc\stm32f4xx_hal.h
      Source file:   Drivers\STM32F4xx_HAL_Driver\Src\stm32f4xx_hal.c

   * Component: Keil::Device:STM32Cube HAL:CRC:1.6.0
      Source file:   Drivers\STM32F4xx_HAL_Driver\Src\stm32f4xx_hal_crc.c

   * Component: Keil::Device:STM32Cube HAL:CAN:1.6.0
      Source file:   Drivers\STM32F4xx_HAL_Driver\Src\stm32f4xx_hal_can.c

   * Component: Keil::Device:STM32Cube HAL:ADC:1.6.0
      Source file:   Drivers\STM32F4xx_HAL_Driver\Src\stm32f4xx_hal_adc.c
      Source file:   Drivers\STM32F4xx_HAL_Driver\Src\stm32f4xx_hal_adc_ex.c

   * Component: Keil::Device:STM32Cube Framework:Classic:1.6.0
      Include file:  MDK\Templates\Inc\stm32f4xx_it.h
      Source file:   MDK\Templates\Src\main.c
      Include file:  CMSIS\Driver\Config\RTE_Device.h
      Include file:  MDK\Templates\Inc\main.h
      Source file:   MDK\Templates\Src\stm32f4xx_it.c
      Include file:  MDK\Templates\Inc\stm32f4xx_hal_conf.h
      Source file:   MDK\Templates\Src\stm32f4xx_hal_msp.c

   * Component: ARM::CMSIS:DSP:1.5.2
      Include file:  CMSIS\Include\arm_math.h
      Library file:  CMSIS\Lib\ARM\arm_cortexM4lf_math.lib

   * Component: ARM::CMSIS:CORE:5.0.2

   * Component: ::Device:STM32Cube Framework:1.0.0 (API)
Build Time Elapsed:  00:00:05
</pre>
</body>
</html>
